python : 
At line:1 char:50
+ ... oject\backend" ; python test_agents.py > test_output.txt 2>&1 ; Get-C ...
+                      ~~~~~~~~~~~~~~~~~~~~~~~~~~~~~~~~~~~~~~~~~~~~
    + CategoryInfo          : NotSpecified: (:String) [], RemoteException
    + FullyQualifiedErrorId : NativeCommandError
 
\u274c Error during testing: 'charmap' codec can't encode character 
'\U0001f4ca' in position 0: character maps to <undefined>
Traceback (most recent call last):
  File "C:\devpraful\College Mini Project\backend\test_agents.py", line 267, 
in main
    test_budget_agent()
  File "C:\devpraful\College Mini Project\backend\test_agents.py", line 30, in 
test_budget_agent
    print("\U0001f4ca Test 1: Healthy Budget (50% spending)")
  File "C:\Users\prave\AppData\Local\Programs\Python\Python311\Lib\encodings\cp
1252.py", line 19, in encode
    return codecs.charmap_encode(input,self.errors,encoding_table)[0]
           ^^^^^^^^^^^^^^^^^^^^^^^^^^^^^^^^^^^^^^^^^^^^^^^^^^^^^^^
UnicodeEncodeError: 'charmap' codec can't encode character '\U0001f4ca' in 
position 0: character maps to <undefined>


================================================================================
              FINANCIAL ADVISORY AGENTS - COMPREHENSIVE TEST SUITE              
================================================================================

================================================================================
 BUDGET AGENT TESTS
================================================================================

